2026-02-05 20:02:12 | INFO     | ================================================================================
2026-02-05 20:02:12 | INFO     | 🟢 NEW CHAT | User: find me shoes
2026-02-05 20:02:12 | INFO     | ================================================================================
2026-02-05 20:02:56 | INFO     | ┌─ Q&A SESSION ────────────────────────────────────────┐
2026-02-05 20:02:56 | INFO     | │ Q1: What shoe size do you usually wear?
2026-02-05 20:02:56 | INFO     | │ A1: 7
2026-02-05 20:02:56 | INFO     | │ ──────────────────────────────────────────────────────
2026-02-05 20:02:56 | INFO     | │ Q2: Are you looking for a specific style, like running, casual, or formal shoes?
2026-02-05 20:02:56 | INFO     | │ A2: 
2026-02-05 20:02:56 | INFO     | │ ──────────────────────────────────────────────────────
2026-02-05 20:02:56 | INFO     | │ Q3: Do you have any brand preferences or favorite brands?
2026-02-05 20:02:56 | INFO     | │ A3: 
2026-02-05 20:02:56 | INFO     | │ ──────────────────────────────────────────────────────
2026-02-05 20:02:56 | INFO     | │ Q4: What color or color palette do you prefer for your shoes?
2026-02-05 20:02:56 | INFO     | │ A4: 
2026-02-05 20:02:56 | INFO     | │ ──────────────────────────────────────────────────────
2026-02-05 20:02:56 | INFO     | │ Q5: Will you be using them for a particular activity or occasion (e.g., daily wear, sports, work events)?
2026-02-05 20:02:56 | INFO     | │ A5: 
2026-02-05 20:02:56 | INFO     | └──────────────────────────────────────────────────────┘
2026-02-05 20:14:49 | INFO     | ================================================================================
2026-02-05 20:14:49 | INFO     | 🟢 NEW CHAT | User: describe more about nile run swift
2026-02-05 20:14:49 | INFO     | ================================================================================
2026-02-05 20:14:57 | INFO     | --------------------------------------------------------------------------------
2026-02-05 20:14:57 | INFO     | 🤖 AI Response:
**Nike Run Swift 3 – Overview & Key Details**

| Category | Details |
|----------|---------|
| **Style** | Men’s road‑running shoe (casual‑look sneaker) |
| **Upper** | Breathable mesh combined with synthetic overlays; includes **Flywire cables** that wrap around the mid‑foot for a secure, supportive fit. |
| **Closure** | Traditional lace‑up system with a padded collar and tongue for added comfort around the ankle. |
| **Midsole / Cushioning** | **Foam cushioning** that is slightly higher than many standard trainers, giving a plush, “soft‑under‑foot” feel while still providing responsive energy return. |
| **Outsole** | Rubber traction pattern designed for road surfaces; durable enough for daily mileage. |
| **Weight** | Approximately **306 g (10.8 oz)** in a men’s US 10 (size‑dependent). |
| **Drop** | Roughly **10 mm** heel‑to‑toe drop, typical for a road‑running shoe that encourages a natural stride. |
| **Fit & Feel** | - Flywire cables lock the foot in place without feeling restrictive.<br>- Padded collar/tongue reduces pressure points.<br>- Mesh provides good airflow, keeping feet cool. |
| **Price Point** | Marketed as a **budget‑friendly** option – good quality and performance for the cost. |
| **Typical Use** | - Daily road runs (5‑10 km or more).<br>- Light training sessions.<br>- Casual wear when you want a sporty look. |
| **Where to Buy** | Listed on Zappos (e.g., https://www.zappos.com/p/Nike/product/9457567) and at retailers like JCPenney. |

### What Makes the Run Swift 3 Stand Out?

1. **Flywire Support** – Thin, high‑strength cables run from the lacing area to the mid‑foot, tightening as you lace up. This gives a “locked‑in” feel without the bulk of traditional overlays.
2. **Higher‑Foam Cushion** – The midsole foam is a bit thicker than on many entry‑level trainers, delivering a plush ride that’s still responsive enough for faster paces.
3. **Lightweight Construction** – At just over 300 g, the shoe is light enough for speed work but sturdy enough for everyday mileage.
4. **Comfort‑Focused Details** – Padded collar/tongue and a roomy toe box (rounded toe) help prevent hot spots during longer runs.
5. **Value** – Compared with higher‑priced performance models, the Run Swift 3 offers many of the same comfort and support features at a lower price.

### Who Might Like It?

- **Beginners or casual runners** who want a shoe that feels soft and supportive right out of the box.
- **Budget‑conscious athletes** looking for a reliable road shoe without splurging on premium tech.
- **People who value a secure fit** (thanks to Flywire) but don’t want a heavy, overly structured shoe.

### Bottom Line

If you’re searching for a comfortable, lightweight road‑running shoe that offers solid support (via Flywire cables) and a plush foam ride, the **Nike Run Swift 3** fits the bill. It’s especially appealing if you want a shoe that works well for everyday training and casual wear while staying friendly on the wallet.
2026-02-05 20:14:57 | INFO     | --------------------------------------------------------------------------------
2026-02-05 20:16:11 | INFO     | ================================================================================
2026-02-05 20:16:11 | INFO     | 🟢 NEW CHAT | User: what was my budget
2026-02-05 20:16:11 | INFO     | ================================================================================
2026-02-05 20:16:15 | INFO     | --------------------------------------------------------------------------------
2026-02-05 20:16:15 | INFO     | 🤖 AI Response:
I don’t have a budget amount on file for you yet. When we first looked at shoes, you didn’t mention a price range, so I presented a lower‑priced option (about $64) and a higher‑priced one (about $220) to give you some flexibility.

If you let me know the price range you’re comfortable with, I can narrow the recommendations down to shoes that fit that budget. 😊
2026-02-05 20:16:15 | INFO     | --------------------------------------------------------------------------------
2026-02-05 20:16:33 | INFO     | ================================================================================
2026-02-05 20:16:33 | INFO     | 🟢 NEW CHAT | User: okay
2026-02-05 20:16:33 | INFO     | ================================================================================
2026-02-05 20:16:37 | INFO     | --------------------------------------------------------------------------------
2026-02-05 20:16:37 | INFO     | 🤖 AI Response:
Got it! 👍  

Just let me know what price range you’re comfortable with, and I’ll narrow the choices down to the best Nike running shoes that fit your size 7 and budget.  

If you’d like, I can also share more details (like colors, ratings, or where to buy) for the Nike Run Swift 3 or any other model you’re interested in. Just tell me what works best for you!
2026-02-05 20:16:37 | INFO     | --------------------------------------------------------------------------------
