2026-02-06 10:11:43 | INFO     | ================================================================================
2026-02-06 10:11:43 | INFO     | 🟢 NEW CHAT | User: i want to buy a dress
2026-02-06 10:11:43 | INFO     | ================================================================================
2026-02-06 10:12:44 | INFO     | ┌─ Q&A SESSION ────────────────────────────────────────┐
2026-02-06 10:12:44 | INFO     | │ Q1: What is your budget range for the dress?
2026-02-06 10:12:44 | INFO     | │ A1: 2000 rupees
2026-02-06 10:12:44 | INFO     | │ ──────────────────────────────────────────────────────
2026-02-06 10:12:44 | INFO     | │ Q2: For what occasion or event are you looking for the dress?
2026-02-06 10:12:44 | INFO     | │ A2: 
2026-02-06 10:12:44 | INFO     | │ ──────────────────────────────────────────────────────
2026-02-06 10:12:44 | INFO     | │ Q3: Do you have a preferred style or silhouette (e.g., A-line, sheath, wrap)?
2026-02-06 10:12:44 | INFO     | │ A3: 
2026-02-06 10:12:44 | INFO     | │ ──────────────────────────────────────────────────────
2026-02-06 10:12:44 | INFO     | │ Q4: What length do you prefer—mini, knee‑length, midi, or floor‑length?
2026-02-06 10:12:44 | INFO     | │ A4: 
2026-02-06 10:12:44 | INFO     | │ ──────────────────────────────────────────────────────
2026-02-06 10:12:44 | INFO     | │ Q5: Do you have any color or fabric preferences?
2026-02-06 10:12:44 | INFO     | │ A5: 
2026-02-06 10:12:44 | INFO     | └──────────────────────────────────────────────────────┘
2026-02-06 10:13:08 | INFO     | ================================================================================
2026-02-06 10:13:08 | INFO     | 🟢 NEW CHAT | User: give me more details about it
2026-02-06 10:13:08 | INFO     | ================================================================================
2026-02-06 10:13:17 | INFO     | --------------------------------------------------------------------------------
2026-02-06 10:13:17 | INFO     | 🤖 AI Response:
Here’s a quick rundown of the black sheath‑dress options that showed up in the search results, along with the details that were mentioned for each one:

| Brand / Retailer | Style / Name | Key Features | Price (as listed) | Other notes |
|------------------|--------------|--------------|-------------------|-------------|
| **Nordstrom** | General “Black Sheath Dresses” collection | • Wide selection from brands such as Lulus, Dress the Population, Bardot, etc.<br>• Knee‑length silhouettes, classic black color | Varies by brand – typically $80‑$250 | Free shipping on most orders over $89; many items are on sale (up to 70 % off). |
| **Banana Republic Factory** | **Sculpted Knee‑Length Sheath Dress** (SCULPTED STRETCH COLLECTION) | • Sharp tailoring with a comfortable stretch fabric<br>• Modern, streamlined silhouette | Not listed in the snippet (you’ll need to check the site for current price) | Part of a “Sculpted Stretch” line that emphasizes both fit and flexibility. |
| **Jessica Howard** | **Petite Flutter‑Sleeve Sheath Knee‑Length Dress** | • Petite‑friendly cut<br>• Flutter‑sleeve detail for a feminine touch | $109.00 (regular price) | Designed specifically for petite frames; the price shown is the current sale price. |
| **Hobemty** | Professional Sheath Dress (summer‑friendly) | • Hidden front zipper<br>• Cross‑waist detail for a flattering shape<br>• Light, breathable fabric suitable for warm weather | Not listed in the snippet | Marketed as a “professional” dress that stays cool in summer. |
| **Unnamed seller (likely a marketplace)** | **Scuba Crepe Chiffon Sleeve Sheath Dress** | • Scuba‑crepe fabric with chiffon sleeves<br>• Elegant black color | $138.00 (now $96.60 – 30 % off) | Discounted price suggests a limited‑time promotion. |
| **Unnamed seller** | **Flare‑Hem Dress – Exclusive** | • Flared hem adds a subtle twist to the classic sheath silhouette | $128.00 (price shown) | “Exclusive” label may indicate a limited‑run design. |
| **Unnamed seller** | **Women’s Sheath Dress – Long Sleeve Color‑Block Lace‑up Ruffle Patchwork** | • Long sleeves, color‑block design<br>• Lace‑up front, ruffle and patchwork details<br>• Available in black/red and a wide size range (S‑XXL) | Not listed in the snippet | More fashion‑forward version of a sheath dress, with extra detailing. |

### Common Themes & What to Expect

1. **Fit & Silhouette**  
   - All of these dresses use the classic sheath cut, which is fitted through the bodice and hips and typically ends at the knee. This shape is flattering for many body types because it accentuates the waist while providing a sleek line.

2. **Materials**  
   - **Stretch fabrics** (e.g., Banana Republic’s “Sculpted Stretch”) give you a bit of give for comfort.  
   - **Scuba‑crepe** and **chiffon** blends add a slightly textured, luxe feel.  
   - **Polyester blends** are common in the more affordable options (e.g., the Hobemty dress) and work well for all‑day wear.

3. **Design Details**  
   - **Sleeve options:** short, flutter, long, or sleeveless depending on season.  
   - **Closures:** hidden front zippers, lace‑up fronts, or simple pull‑overs.  
   - **Accents:** cross‑waist seams, ruffles, patchwork, or color‑block panels for a bit of visual interest.

4. **Pricing & Discounts**  
   - Prices range from about **$100** for a petite‑specific dress up to **$250+** for higher‑end designer pieces at Nordstrom.  
   - Several listings mention discounts (30 % off, up to 70 % off), so it’s worth checking the retailer’s site for current promotions.

5. **Sizing**  
   - Most retailers carry a full size range (S‑XXL). If you’re petite, the Jessica Howard dress is specifically marketed for that fit.  

### How to Choose the Right One for You

| Consideration | What to Look For |
|---------------|------------------|
| **Occasion** | For a formal office or event, the Banana Republic “Sculpted” or the Nordstrom designer options are safe bets. For a more relaxed or summer‑friendly look, the Hobemty or the Scuba‑Crepe dress works well. |
| **Fit Preference** | If you need a petite cut, go with the Jessica Howard dress. If you like a bit of flare at the hem, the “Flare‑Hem” exclusive offers that twist. |
| **Budget** | Look for the discounted items (e.g., Scuba Crepe at $96.60) or shop Nordstrom’s sale section where you can find up to 70 % off. |
| **Fabric Comfort** | Stretch fabrics are best for all‑day comfort; chiffon sleeves add breathability for warmer weather. |
| **Style Details** | If you love extra details (lace‑up, ruffles, patchwork), the long‑sleeve color‑block dress might be your favorite. |

### Next Steps

1. **Visit the retailer’s website** (Nordstrom, Banana Republic Factory, Jessica Howard, Hobemty, etc.) to see photos, exact material compositions, and current pricing.  
2. **Check the size guide** for each brand—sheath dresses can vary slightly in cut, so measuring your bust, waist, and hips and comparing them to the brand’s chart will help you pick the best fit.  
3. **Read customer reviews**—they often mention how the dress fits in real life (tight, true‑to‑size, runs small/large) and how the fabric feels after a full day of wear.  
4. **Look for shipping & return policies**—most sites offer free shipping on orders over a certain amount (e.g., $89 on Nordstrom) and easy returns, which is handy if the fit isn’t perfect.

If you have a specific dress from the list that you’d like more in‑depth information on (e.g., exact fabric blend, care instructions, model measurements), just let me know the name or retailer and I can dig deeper!
2026-02-06 10:13:17 | INFO     | --------------------------------------------------------------------------------
2026-02-06 10:13:48 | INFO     | ================================================================================
2026-02-06 10:13:48 | INFO     | 🟢 NEW CHAT | User: provide me links of these dresses
2026-02-06 10:13:48 | INFO     | ================================================================================
2026-02-06 10:13:54 | INFO     | --------------------------------------------------------------------------------
2026-02-06 10:13:54 | INFO     | 🤖 AI Response:
I’m sorry, but the search results you provided don’t contain any actual URLs—only brief product descriptions and the names of the retailers where the dresses are sold. Because there are no direct links in the information you have, I can’t give you clickable URLs for those specific items.

**What you can do next**

| Dress description (from the results) | Where to look |
|---|---|
| **Sculpted Knee‑Length Sheath Dress** – “Sharp tailoring meets comfort stretch” (Banana Republic Factory) | Visit the **Banana Republic Factory** website and search for “Sculpted Knee‑Length Sheath Dress” or “Sculpted Stretch Collection”. |
| **Knee‑Length Little Black Dresses** – various brands (Nordstrom) | Go to **Nordstrom.com**, choose “Women > Dresses > Little Black Dresses”, and filter by “knee‑length”. |
| **Petite Flutter‑Sleeve Sheath Knee Length Dress** – Jessica Howard, $109 | Search **Nordstrom** (or the brand’s own site) for “Jessica Howard Petite Flutter‑Sleeve Sheath Knee Length Dress”. |
| **Sheath Black Dresses** – up to 70 % off (multiple brands) | On **Nordstrom.com**, use the “Sheath Dresses” category and apply a price‑drop filter. |
| **Professional Sheath Dress – Hobemty** (hidden front zipper, cross‑waist) | Look for “Hobemty professional sheath dress” on major retailers (e.g., Amazon, eBay, or the Hobemty brand site). |
| **Scuba Crepe Chiffon Sleeve Sheath Dress** – $138 (now $96.60) | Search for “Scuba Crepe Chiffon Sleeve Sheath Dress” on sites like **Amazon**, **eBay**, or the retailer that posted the sale. |
| **Flare Hem Dress – Exclusive** – $128 (now $96.60) | Search the phrase “Flare Hem Dress Exclusive” on major fashion retailers. |
| **Black Knee‑Length Dress – Pinterest inspiration** | Use Pinterest’s search bar with “black knee length dress” to see curated pins that often link back to the product pages. |

**How to find the exact product pages**

1. **Copy the exact product name** (e.g., “Sculpted Knee‑Length Sheath Dress”) from the snippet.  
2. **Paste it into the search bar** of the retailer’s website (Banana Republic Factory, Nordstrom, etc.).  
3. **Add filters** such as “knee‑length”, “sheath”, “black”, or “petite” to narrow the results.  
4. If the retailer’s site doesn’t show the item, try a general web search (Google, Bing) with the full product name in quotes.

If you need help locating a specific dress on a particular site, just let me know which one and I can give you more detailed step‑by‑step instructions!
2026-02-06 10:13:54 | INFO     | --------------------------------------------------------------------------------
2026-02-06 10:14:51 | INFO     | ================================================================================
2026-02-06 10:14:51 | INFO     | 🟢 NEW CHAT | User: provide link of this banana company
2026-02-06 10:14:51 | INFO     | ================================================================================
2026-02-06 10:14:56 | INFO     | --------------------------------------------------------------------------------
2026-02-06 10:14:56 | INFO     | 🤖 AI Response:
I’m sorry—I wasn’t able to find a specific URL in the search results you provided. However, the dress you’re looking at is from **Banana Republic Factory**, and you can browse their full collection (including the Sculpted Knee‑Length Sheath Dress) on their official website:

**Banana Republic Factory website:** https://www.bananarepublicfactory.com  

From there you can use the site’s search bar (e.g., type “Sculpted Knee‑Length Sheath Dress”) to locate the exact product page. If you need any more help navigating the site or finding a specific item, just let me know!
2026-02-06 10:14:56 | INFO     | --------------------------------------------------------------------------------
