2026-02-05 19:52:09 | INFO     | ================================================================================
2026-02-05 19:52:09 | INFO     | 🟢 NEW CHAT | User: hi
2026-02-05 19:52:09 | INFO     | ================================================================================
2026-02-05 19:52:11 | INFO     | --------------------------------------------------------------------------------
2026-02-05 19:52:11 | INFO     | 🤖 AI Response:
Hello! How can I help you today?
2026-02-05 19:52:11 | INFO     | --------------------------------------------------------------------------------
2026-02-05 19:52:17 | INFO     | ================================================================================
2026-02-05 19:52:17 | INFO     | 🟢 NEW CHAT | User: find me a tv
2026-02-05 19:52:17 | INFO     | ================================================================================
2026-02-05 19:53:20 | INFO     | ┌─ Q&A SESSION ────────────────────────────────────────┐
2026-02-05 19:53:20 | INFO     | │ Q1: What's your budget range for the TV?
2026-02-05 19:53:20 | INFO     | │ A1: 
2026-02-05 19:53:20 | INFO     | │ ──────────────────────────────────────────────────────
2026-02-05 19:53:20 | INFO     | │ Q2: What screen size are you looking for?
2026-02-05 19:53:20 | INFO     | │ A2: 55
2026-02-05 19:53:20 | INFO     | │ ──────────────────────────────────────────────────────
2026-02-05 19:53:20 | INFO     | │ Q3: Do you prefer 4K or 8K resolution?
2026-02-05 19:53:20 | INFO     | │ A3: 
2026-02-05 19:53:20 | INFO     | │ ──────────────────────────────────────────────────────
2026-02-05 19:53:20 | INFO     | │ Q4: What will you primarily use the TV for (e.g., streaming, gaming, sports)?
2026-02-05 19:53:20 | INFO     | │ A4: streaming
2026-02-05 19:53:20 | INFO     | │ ──────────────────────────────────────────────────────
2026-02-05 19:53:20 | INFO     | │ Q5: Are there any smart TV features or brands you favor?
2026-02-05 19:53:20 | INFO     | │ A5: smart
2026-02-05 19:53:20 | INFO     | └──────────────────────────────────────────────────────┘
