2026-02-05 19:57:51 | INFO     | ================================================================================
2026-02-05 19:57:51 | INFO     | 🟢 NEW CHAT | User: hi
2026-02-05 19:57:51 | INFO     | ================================================================================
2026-02-05 19:57:53 | INFO     | --------------------------------------------------------------------------------
2026-02-05 19:57:53 | INFO     | 🤖 AI Response:
Hello! How can I help you today?
2026-02-05 19:57:53 | INFO     | --------------------------------------------------------------------------------
2026-02-05 19:57:59 | INFO     | ================================================================================
2026-02-05 19:57:59 | INFO     | 🟢 NEW CHAT | User: find me tv
2026-02-05 19:57:59 | INFO     | ================================================================================
2026-02-05 19:58:32 | INFO     | ┌─ Q&A SESSION ────────────────────────────────────────┐
2026-02-05 19:58:32 | INFO     | │ Q1: What is your budget range for the TV?
2026-02-05 19:58:32 | INFO     | │ A1: 
2026-02-05 19:58:32 | INFO     | │ ──────────────────────────────────────────────────────
2026-02-05 19:58:32 | INFO     | │ Q2: What screen size are you looking for?
2026-02-05 19:58:32 | INFO     | │ A2: 55
2026-02-05 19:58:32 | INFO     | │ ──────────────────────────────────────────────────────
2026-02-05 19:58:32 | INFO     | │ Q3: Do you prefer a 4K or 8K resolution?
2026-02-05 19:58:32 | INFO     | │ A3: 
2026-02-05 19:58:32 | INFO     | │ ──────────────────────────────────────────────────────
2026-02-05 19:58:32 | INFO     | │ Q4: What will you primarily use the TV for (e.g., streaming, gaming, sports)?
2026-02-05 19:58:32 | INFO     | │ A4: streaming
2026-02-05 19:58:32 | INFO     | │ ──────────────────────────────────────────────────────
2026-02-05 19:58:32 | INFO     | │ Q5: Are there any specific smart TV features or brands you prefer?
2026-02-05 19:58:32 | INFO     | │ A5: 
2026-02-05 19:58:32 | INFO     | └──────────────────────────────────────────────────────┘
