2026-02-06 10:02:48 | INFO     | ================================================================================
2026-02-06 10:02:48 | INFO     | 🟢 NEW CHAT | User: hi
2026-02-06 10:02:48 | INFO     | ================================================================================
2026-02-06 10:02:50 | INFO     | --------------------------------------------------------------------------------
2026-02-06 10:02:50 | INFO     | 🤖 AI Response:
Hello! How can I help you today?
2026-02-06 10:02:50 | INFO     | --------------------------------------------------------------------------------
2026-02-06 10:02:56 | INFO     | ================================================================================
2026-02-06 10:02:56 | INFO     | 🟢 NEW CHAT | User: how are you ?
2026-02-06 10:02:56 | INFO     | ================================================================================
2026-02-06 10:02:59 | INFO     | --------------------------------------------------------------------------------
2026-02-06 10:02:59 | INFO     | 🤖 AI Response:
I’m doing great, thanks for asking! How can I assist you today?
2026-02-06 10:02:59 | INFO     | --------------------------------------------------------------------------------
2026-02-06 10:03:21 | INFO     | ================================================================================
2026-02-06 10:03:21 | INFO     | 🟢 NEW CHAT | User: find me a new trimmer
2026-02-06 10:03:21 | INFO     | ================================================================================
2026-02-06 10:04:52 | INFO     | ┌─ Q&A SESSION ────────────────────────────────────────┐
2026-02-06 10:04:52 | INFO     | │ Q1: What is your budget range for the trimmer?
2026-02-06 10:04:52 | INFO     | │ A1: 1000 rupees
2026-02-06 10:04:52 | INFO     | │ ──────────────────────────────────────────────────────
2026-02-06 10:04:52 | INFO     | │ Q2: Will you be using it mainly for facial hair, body grooming, or both?
2026-02-06 10:04:52 | INFO     | │ A2: full body
2026-02-06 10:04:52 | INFO     | │ ──────────────────────────────────────────────────────
2026-02-06 10:04:52 | INFO     | │ Q3: Do you prefer a corded trimmer or a cordless one with a rechargeable battery?
2026-02-06 10:04:52 | INFO     | │ A3: 
2026-02-06 10:04:52 | INFO     | │ ──────────────────────────────────────────────────────
2026-02-06 10:04:52 | INFO     | │ Q4: Are there any specific features you’re looking for, such as adjustable length settings, waterproof design, or a particular blade type?
2026-02-06 10:04:52 | INFO     | │ A4: 
2026-02-06 10:04:52 | INFO     | └──────────────────────────────────────────────────────┘
2026-02-06 10:06:09 | INFO     | ================================================================================
2026-02-06 10:06:09 | INFO     | 🟢 NEW CHAT | User: tell me more about this product
2026-02-06 10:06:09 | INFO     | ================================================================================
2026-02-06 10:06:17 | INFO     | --------------------------------------------------------------------------------
2026-02-06 10:06:17 | INFO     | 🤖 AI Response:
**Bombay Shaving Company 11‑in‑1 Power Groomer – Beard & Body Trimmer for Men**

Below is a concise overview of the key details that were found in the web‑search results.

---

### 📦 What’s in the box?
| Item | Purpose |
|------|----------|
| **Main trimmer body** | Houses the motor and battery; ergonomic grip. |
| **5 magnetic attachments** | • Two body‑comb lengths (for head‑to‑toe grooming)  <br>• Dedicated nose & ear attachment  <br>• T‑blade (for precise lines)  <br>• U‑blade (for broader cuts) |
| **Hard travel case** | Keeps the unit and all attachments protected while on the go. |
| **Charging cable** | USB‑C (or micro‑USB, depending on the version) for fast charging. |

---

### ⚙️ Core Specifications
| Feature | Detail |
|---------|--------|
| **Washable head** | Yes – the head can be rinsed under water for easy cleaning (note: the body itself is **not water‑resistant**). |
| **Suitable for** | Beard, face, body, intimate areas, underarms, nose & ear. |
| **Charging time (full)** | **1.5 hours** (quick‑charge). |
| **Run time (full charge)** | **≈ 90 minutes** of continuous use – plenty for a full grooming session. |
| **Detachable blades** | Yes – blades snap off for cleaning under running water; re‑attach only after they are completely dry. |
| **Power source** | Rechargeable lithium‑ion battery (no need for disposable AA/AAA). |
| **Water resistance** | **No** – the motor housing should stay dry; only the detachable head can be washed. |
| **Core cleaning instruction** | “Clean it after every use.” Rinse the detachable head and blades, dry thoroughly, then re‑assemble. |

---

### 🌟 Key Benefits & Use‑Case Highlights
1. **All‑in‑one grooming** – With 11 functions (different comb lengths + nose/ear + T‑blade + U‑blade) you can trim a beard, shape sideburns, tidy up chest/abs, groom the bikini line, and even clean nose hair without swapping devices.
2. **Fast charge, long run‑time** – A 1.5‑hour charge gives you roughly 1½ hours of uninterrupted trimming, which is more than enough for a full‑body session.
3. **Travel‑ready** – The hard case and magnetic attachments keep everything organized, making it ideal for trips or gym bags.
4. **Easy maintenance** – Detachable, washable head means you can rinse away hair clippings quickly; just be sure the motor housing stays dry.
5. **Affordable premium feel** – The product is marketed as a “convenient and affordable” full‑body trimmer, often listed at around **₹1,000** (about 50 % off the MRP of ₹2,000).

---

### 🛠️ How to Use & Care
1. **Charge first** – Plug the charger in; a full charge takes ~1.5 h. An LED indicator (if present) will show when it’s ready.
2. **Select the right attachment** – Snap the magnetic head you need onto the base. For longer hair use the body combs; for precise lines use the T‑blade; for broader cuts use the U‑blade; for nose/ear use the dedicated attachment.
3. **Trim** – Turn the device on and glide it over the desired area. The motor’s power is designed to handle both fine facial hair and thicker body hair.
4. **Clean after each use** – Detach the head, rinse under running water, shake off excess water, and let it air‑dry completely before re‑attaching.
5. **Store** – Place the unit and all attachments back into the travel case to protect them and keep the blades from damage.

---

### 📌 Quick Verdict
- **Who it’s for:** Men who want a single, compact device that can handle everything from a detailed beard trim to full‑body grooming, including intimate areas.
- **Pros:** Multi‑functional, fast charging, long battery life, washable head, magnetic attachments, travel case, budget‑friendly.
- **Cons:** The main body is **not water‑resistant**, so you must avoid submerging it; you need to be careful to dry the detachable head fully before re‑assembly.

---

### 🔗 Where to Buy / Price (as of the latest listing)
- **Price:** Approximately **₹1,000** (often shown as a 50 % discount off the ₹2,000 MRP).
- **Available at:** Bombay Shaving Company’s official website, major Indian e‑commerce platforms (e.g., Amazon India, Flipkart), and select offline retail partners.

---

**Bottom line:** The Bombay Shaving Company 11‑in‑1 Power Groomer is a versatile, budget‑friendly trimmer that covers virtually every grooming need a man might have, with a solid battery life and easy‑clean design. Just remember to keep the motor housing dry and to fully dry the detachable head before re‑attaching.
2026-02-06 10:06:17 | INFO     | --------------------------------------------------------------------------------
