2026-02-05 19:45:30 | INFO     | ================================================================================
2026-02-05 19:45:30 | INFO     | 🟢 NEW CHAT | User: hi
2026-02-05 19:45:30 | INFO     | ================================================================================
2026-02-05 19:45:34 | INFO     | --------------------------------------------------------------------------------
2026-02-05 19:45:34 | INFO     | 🤖 AI Response:
Hello! How can I help you today?
2026-02-05 19:45:34 | INFO     | --------------------------------------------------------------------------------
2026-02-05 19:45:39 | INFO     | ================================================================================
2026-02-05 19:45:39 | INFO     | 🟢 NEW CHAT | User: how are you?
2026-02-05 19:45:39 | INFO     | ================================================================================
2026-02-05 19:45:42 | INFO     | --------------------------------------------------------------------------------
2026-02-05 19:45:42 | INFO     | 🤖 AI Response:
I'm doing great, thanks for asking! How can I assist you today?
2026-02-05 19:45:42 | INFO     | --------------------------------------------------------------------------------
2026-02-05 19:45:50 | INFO     | ================================================================================
2026-02-05 19:45:50 | INFO     | 🟢 NEW CHAT | User: find a tv
2026-02-05 19:45:50 | INFO     | ================================================================================
2026-02-05 19:47:27 | INFO     | ┌─ Q&A SESSION ────────────────────────────────────────┐
2026-02-05 19:47:27 | INFO     | │ Q1: What's your budget range for the TV?
2026-02-05 19:47:27 | INFO     | │ A1: 
2026-02-05 19:47:27 | INFO     | │ ──────────────────────────────────────────────────────
2026-02-05 19:47:27 | INFO     | │ Q2: What screen size are you looking for?
2026-02-05 19:47:27 | INFO     | │ A2: 55
2026-02-05 19:47:27 | INFO     | │ ──────────────────────────────────────────────────────
2026-02-05 19:47:27 | INFO     | │ Q3: Do you prefer a specific resolution like 4K or 8K?
2026-02-05 19:47:27 | INFO     | │ A3: 4k
2026-02-05 19:47:27 | INFO     | │ ──────────────────────────────────────────────────────
2026-02-05 19:47:27 | INFO     | │ Q4: What will you primarily use the TV for (e.g., streaming, gaming, sports)?
2026-02-05 19:47:27 | INFO     | │ A4: streaming
2026-02-05 19:47:27 | INFO     | │ ──────────────────────────────────────────────────────
2026-02-05 19:47:27 | INFO     | │ Q5: Are there any smart TV features or brands you favor?
2026-02-05 19:47:27 | INFO     | │ A5: 
2026-02-05 19:47:27 | INFO     | └──────────────────────────────────────────────────────┘
