2026-02-06 12:26:35 | INFO     | ================================================================================
2026-02-06 12:26:35 | INFO     | 🟢 NEW CHAT | User: hi heelo
2026-02-06 12:26:35 | INFO     | ================================================================================
2026-02-06 12:26:37 | INFO     | --------------------------------------------------------------------------------
2026-02-06 12:26:37 | INFO     | 🤖 AI Response:
Hello! How can I help you today?
2026-02-06 12:26:37 | INFO     | --------------------------------------------------------------------------------
2026-02-06 12:26:38 | INFO     | ================================================================================
2026-02-06 12:26:38 | INFO     | 🟢 NEW CHAT | User: hola
2026-02-06 12:26:38 | INFO     | ================================================================================
2026-02-06 12:26:39 | INFO     | --------------------------------------------------------------------------------
2026-02-06 12:26:39 | INFO     | 🤖 AI Response:
¡Hola! ¿En qué puedo ayudarte hoy?
2026-02-06 12:26:39 | INFO     | --------------------------------------------------------------------------------
2026-02-06 12:26:43 | INFO     | ================================================================================
2026-02-06 12:26:43 | INFO     | 🟢 NEW CHAT | User: how are you ?
2026-02-06 12:26:43 | INFO     | ================================================================================
2026-02-06 12:26:45 | INFO     | --------------------------------------------------------------------------------
2026-02-06 12:26:45 | INFO     | 🤖 AI Response:
I'm doing great, thank you! How can I assist you today?
2026-02-06 12:26:45 | INFO     | --------------------------------------------------------------------------------
2026-02-06 12:26:48 | INFO     | ================================================================================
2026-02-06 12:26:48 | INFO     | 🟢 NEW CHAT | User: kem cho majama ?
2026-02-06 12:26:48 | INFO     | ================================================================================
2026-02-06 12:26:50 | INFO     | --------------------------------------------------------------------------------
2026-02-06 12:26:50 | INFO     | 🤖 AI Response:
Majama chu! Tamē kem cho? 

(I'm doing great! How about you?)
2026-02-06 12:26:50 | INFO     | --------------------------------------------------------------------------------
2026-02-06 12:26:58 | INFO     | ================================================================================
2026-02-06 12:26:58 | INFO     | 🟢 NEW CHAT | User: mane ek oven jiye che 
2026-02-06 12:26:58 | INFO     | ================================================================================
2026-02-06 12:27:23 | INFO     | ┌─ Q&A SESSION ────────────────────────────────────────┐
2026-02-06 12:27:23 | INFO     | │ Q1: What is your budget range for the oven?
2026-02-06 12:27:23 | INFO     | │ A1: 50000
2026-02-06 12:27:23 | INFO     | │ ──────────────────────────────────────────────────────
2026-02-06 12:27:23 | INFO     | │ Q2: What type of cooking do you plan to do most often (baking, broiling, convection, etc.)?
2026-02-06 12:27:23 | INFO     | │ A2: baking
2026-02-06 12:27:23 | INFO     | │ ──────────────────────────────────────────────────────
2026-02-06 12:27:23 | INFO     | │ Q3: Do you have a preferred size or capacity (e.g., cubic feet) for the oven?
2026-02-06 12:27:23 | INFO     | │ A3: nope
2026-02-06 12:27:23 | INFO     | │ ──────────────────────────────────────────────────────
2026-02-06 12:27:23 | INFO     | │ Q4: Are there any specific features you’re looking for, such as self‑cleaning, smart connectivity, or convection?
2026-02-06 12:27:23 | INFO     | │ A4: smart
2026-02-06 12:27:23 | INFO     | │ ──────────────────────────────────────────────────────
2026-02-06 12:27:23 | INFO     | │ Q5: Do you have any brand preferences or space constraints (built‑in vs. countertop)?
2026-02-06 12:27:23 | INFO     | │ A5: nope
2026-02-06 12:27:23 | INFO     | └──────────────────────────────────────────────────────┘
2026-02-06 12:27:48 | INFO     | ================================================================================
2026-02-06 12:27:48 | INFO     | 🟢 NEW CHAT | User: eng-guj bolo dost
2026-02-06 12:27:48 | INFO     | ================================================================================
2026-02-06 12:28:02 | INFO     | --------------------------------------------------------------------------------
2026-02-06 12:28:02 | INFO     | 🤖 AI Response:
Hey dost! Here’s a quick **English‑Gujarati** rundown of the **Breville Mini Smart Oven BOV450XL** that we have in our memory:

| **Feature** | **Details (Eng‑Guj)** |
|---|---|
| **Brand / Model** | **Breville** Mini Smart Oven BOV450XL |
| **Category** | Smart Oven (કાઉન્ટરટોપ) |
| **Main Description** | Compact countertop oven with **4 quartz heating elements** – મોટા હીટિંગ એલિમેન્ટ્સ જે બેકિંગ, બ્રોઇલ અને રોસ્ટ માટે સમાન તાપમાન આપે છે. |
| **Smart Connectivity** | It’s marketed as a “Smart Oven”, so you get **preset programs** and **digital touch controls** – સ마트 પ્રોગ્રામ્સ (બેક, બ્રોઇલ, રોસ્ટ) અને ડિજિટલ ટચ કંટ્રોલ. |
| **Best for Baking?** | Yes – ક્વાર્ટ્ઝ એલિમેન્ટ્સ અને પ્રિસેટ બેક પ્રોગ્રામ્સ બેકિંગ માટે ખૂબ જ યોગ્ય છે. |
| **Size / Space** | Small‑footprint, countertop‑friendly – જગ્યા બચાવે, કાઉન્ટર પર સરળતાથી રાખી શકો. |
| **Price** | Exact price isn’t in our data. Typically Breville’s mini smart ovens run **around $200‑$250 (≈ ₹15,000‑₹20,000)**, so it should fit comfortably **within your ₹50,000 budget**. You can check Amazon, Flipkart, or local electronics stores for the latest price and any discounts. |
| **Why it might suit you** | • **Smart** – એપ/વૉઇસ કંટ્રોલ નથી, પણ ડિજિટલ પ્રિસેટ્સ છે. <br>• **Baking‑focused** – સમાન હીટિંગ, ક્રિસ્પી ક્રસ્ટ. <br>• **Compact** – કાઉન્ટરટોપ માટે યોગ્ય, જગ્યા ની ચિંતા નહીં. |

**Next steps (આગળ શું કરવું):**  
1. **Online search** – Amazon, Flipkart, અથવા Breville India ની સત્તાવાર વેબસાઇટ પર “Breville Mini Smart Oven BOV450XL” શોધો.  
2. **Check reviews** – યુઝર રિવ્યુઝ વાંચો, ખાસ કરીને બેકિંગ સંબંધિત પ્રદર્શન.  
3. **Look for offers** – સેલ, કૂપન કોડ, અથવા ઇમેઇલ સબ્સ્ક્રિપ્શનથી ડિસ્કાઉન્ટ મેળવી શકો.

If you need more info—like exact price, colour options, or where to buy locally—just let me know, and I’ll dig it up for you. Happy baking, મિત્ર! 🍰✨
2026-02-06 12:28:02 | INFO     | --------------------------------------------------------------------------------
2026-02-06 12:28:22 | INFO     | ================================================================================
2026-02-06 12:28:22 | INFO     | 🟢 NEW CHAT | User: find me a ram 
2026-02-06 12:28:22 | INFO     | ================================================================================
2026-02-06 12:29:23 | INFO     | ┌─ Q&A SESSION ────────────────────────────────────────┐
2026-02-06 12:29:23 | INFO     | │ Q1: What capacity (in GB) of RAM are you looking for?
2026-02-06 12:29:23 | INFO     | │ A1: 4gb
2026-02-06 12:29:23 | INFO     | │ ──────────────────────────────────────────────────────
2026-02-06 12:29:23 | INFO     | │ Q2: Do you need a specific speed or latency rating (e.g., 3200 MHz, CL16)?
2026-02-06 12:29:23 | INFO     | │ A2: 
2026-02-06 12:29:23 | INFO     | │ ──────────────────────────────────────────────────────
2026-02-06 12:29:23 | INFO     | │ Q3: Is this RAM for a desktop or a laptop (DIMM vs. SO‑DIMM)?
2026-02-06 12:29:23 | INFO     | │ A3: 
2026-02-06 12:29:23 | INFO     | │ ──────────────────────────────────────────────────────
2026-02-06 12:29:23 | INFO     | │ Q4: Will you be using it mainly for gaming, content creation, or other workloads?
2026-02-06 12:29:23 | INFO     | │ A4: 
2026-02-06 12:29:23 | INFO     | └──────────────────────────────────────────────────────┘
