2026-02-06 10:41:33 | INFO     | ================================================================================
2026-02-06 10:41:33 | INFO     | 🟢 NEW CHAT | User: hi
2026-02-06 10:41:33 | INFO     | ================================================================================
2026-02-06 10:41:37 | INFO     | --------------------------------------------------------------------------------
2026-02-06 10:41:37 | INFO     | 🤖 AI Response:
Hello! How can I help you today?
2026-02-06 10:41:37 | INFO     | --------------------------------------------------------------------------------
2026-02-06 10:47:17 | INFO     | ================================================================================
2026-02-06 10:47:17 | INFO     | 🟢 NEW CHAT | User: how are you ?
2026-02-06 10:47:17 | INFO     | ================================================================================
2026-02-06 10:47:19 | INFO     | --------------------------------------------------------------------------------
2026-02-06 10:47:19 | INFO     | 🤖 AI Response:
I’m doing great, thanks for asking! How can I assist you today?
2026-02-06 10:47:19 | INFO     | --------------------------------------------------------------------------------
2026-02-06 10:47:25 | INFO     | ================================================================================
2026-02-06 10:47:25 | INFO     | 🟢 NEW CHAT | User: find me a tv
2026-02-06 10:47:25 | INFO     | ================================================================================
2026-02-06 10:47:49 | INFO     | ┌─ Q&A SESSION ────────────────────────────────────────┐
2026-02-06 10:47:49 | INFO     | │ Q1: What's your budget range for the TV?
2026-02-06 10:47:49 | INFO     | │ A1: 50000
2026-02-06 10:47:49 | INFO     | │ ──────────────────────────────────────────────────────
2026-02-06 10:47:49 | INFO     | │ Q2: What screen size are you looking for?
2026-02-06 10:47:49 | INFO     | │ A2: 55
2026-02-06 10:47:49 | INFO     | │ ──────────────────────────────────────────────────────
2026-02-06 10:47:49 | INFO     | │ Q3: Do you prefer 4K or 8K resolution?
2026-02-06 10:47:49 | INFO     | │ A3: 
2026-02-06 10:47:49 | INFO     | │ ──────────────────────────────────────────────────────
2026-02-06 10:47:49 | INFO     | │ Q4: What will you primarily use the TV for (e.g., streaming, gaming, sports)?
2026-02-06 10:47:49 | INFO     | │ A4: streaming
2026-02-06 10:47:49 | INFO     | │ ──────────────────────────────────────────────────────
2026-02-06 10:47:49 | INFO     | │ Q5: Are there any smart TV features or brands you favor?
2026-02-06 10:47:49 | INFO     | │ A5: sony
2026-02-06 10:47:49 | INFO     | └──────────────────────────────────────────────────────┘
2026-02-06 10:48:25 | INFO     | ================================================================================
2026-02-06 10:48:25 | INFO     | 🟢 NEW CHAT | User: great thank you
2026-02-06 10:48:25 | INFO     | ================================================================================
2026-02-06 10:48:28 | INFO     | --------------------------------------------------------------------------------
2026-02-06 10:48:28 | INFO     | 🤖 AI Response:
You’re very welcome! I’m glad the Sony BRAVIA 2 II 55‑inch 4K Google TV looks like a good fit for you.  

If you’d like any more details—such as warranty options, connectivity ports, where to buy it locally or online, or a quick comparison with other models—just let me know. I’m happy to help with the next steps!
2026-02-06 10:48:28 | INFO     | --------------------------------------------------------------------------------
