2026-02-06 10:49:50 | INFO     | ⚙️  Decider: State keys: ['user_query', 'original_user_query', 'mode', 'supervisor_decision', 'intent', 'final_output', 'collected_info']
2026-02-06 10:49:50 | INFO     | ⚙️  Decider: Processing query: hi
2026-02-06 10:49:51 | INFO     | 🎯 Decision: Query='hi' → Mode=conversation
2026-02-06 10:49:51 | INFO     |    Reasoning: The query is a short greeting with no product intent, so it should stay in conversation mode.
2026-02-06 10:49:51 | INFO     | ⚙️  Decider: Refined query: User says hi
2026-02-06 10:50:00 | INFO     | ⚙️  Decider: State keys: ['user_query', 'original_user_query', 'mode', 'supervisor_decision', 'intent', 'final_output', 'collected_info', 'refined_query']
2026-02-06 10:50:00 | INFO     | ⚙️  Decider: Processing query: why are you?
2026-02-06 10:50:01 | INFO     | 🎯 Decision: Query='why are you?' → Mode=conversation
2026-02-06 10:50:01 | INFO     |    Reasoning: The query is a general chit‑chat question not related to any product.
2026-02-06 10:50:01 | INFO     | ⚙️  Decider: Refined query: User asks why the assistant exists
2026-02-06 10:50:11 | INFO     | ⚙️  Decider: State keys: ['user_query', 'original_user_query', 'mode', 'supervisor_decision', 'intent', 'final_output', 'collected_info', 'refined_query']
2026-02-06 10:50:11 | INFO     | ⚙️  Decider: Processing query: find me shoes
2026-02-06 10:50:13 | INFO     | 🎯 Decision: Query='find me shoes' → Mode=agentic
2026-02-06 10:50:13 | INFO     |    Reasoning: The user asks for shoes without any prior product context, indicating a new product search.
2026-02-06 10:50:13 | INFO     | ⚙️  Decider: Refined query: User wants to find shoes
2026-02-06 10:50:13 | INFO     | ⚙️  Supervisor: New product search → routing to info_collector
2026-02-06 10:50:13 | INFO     | ⚙️  Info Collector: Generating questions for 'shoes'
2026-02-06 10:50:15 | INFO     | ⚙️  Info Collector: Generated 5 questions
2026-02-06 10:50:44 | INFO     | ⚙️  Info Collector: Generating questions for 'shoes'
2026-02-06 10:50:45 | INFO     | ⚙️  Info Collector: Generated 5 questions
2026-02-06 10:50:45 | INFO     | ⚙️  Info Collector: Collected 5 answers
2026-02-06 10:50:45 | INFO     | ⚙️  Supervisor: Info collected → proceeding to query refinement
2026-02-06 10:50:45 | INFO     | ⚙️  Query Refinement: Refining: 'find me shoes'
2026-02-06 10:50:46 | INFO     | ⚙️  Query Refinement: Result: 'Nike or Adidas football studs size 7'
2026-02-06 10:50:46 | INFO     | ⚙️  Data Retrieval: Processing query: 'Nike or Adidas football studs size 7'
2026-02-06 10:50:46 | INFO     | ⚙️  Data Retrieval: Category not in allowed list → Web Search
2026-02-06 10:50:50 | INFO     | ⚙️  Data Retrieval: Retrieved 4 products from web
2026-02-06 10:50:50 | INFO     | ⚙️  Response Generator: Processing query: 'find me shoes'
2026-02-06 10:50:50 | INFO     | ⚙️  Response Generator: Filtering 4 products
2026-02-06 10:50:51 | INFO     | ⚙️  Response Generator: Found 0 matches
2026-02-06 10:50:51 | INFO     | ⚙️  Response Generator: No matches, using web search
2026-02-06 10:50:51 | INFO     | ⚙️  Response Generator: Searching web for: 'buy Nike or Adidas football studs size 7 price'
2026-02-06 10:50:51 | INFO     | ⚙️  Response Generator: Using Tool: Google Search (Serper)
2026-02-06 10:50:54 | INFO     | ⚙️  Response Generator: Web search returned 1469 chars
2026-02-06 10:50:56 | INFO     | ⚙️  Response Generator: Extracted 1 products from web
2026-02-06 10:50:56 | INFO     | ⚙️  Response Generator: Generated final response
2026-02-06 10:51:18 | INFO     | ⚙️  Decider: State keys: ['user_query', 'original_user_query', 'mode', 'supervisor_decision', 'intent', 'final_output', 'collected_info', 'raw_data', 'refined_query', 'generated_questions']
2026-02-06 10:51:18 | INFO     | ⚙️  Decider: Processing query: okay my budget is under 100 dollars 
2026-02-06 10:51:19 | INFO     | 🎯 Decision: Query='okay my budget is under 100 dollars ' → Mode=conversation
2026-02-06 10:51:19 | INFO     |    Reasoning: User is refining the budget for the previously discussed football boots, not requesting a different product type.
2026-02-06 10:51:19 | INFO     | ⚙️  Decider: Refined query: User wants football boots under $100
2026-02-06 10:51:19 | INFO     | ⚙️  Conversational: Product: Adidas +F50 Tunit 2009 Football Boots Soccer Cleats
2026-02-06 10:51:19 | INFO     | ⚙️  Conversational: User preferences: ['What shoe size do you usually wear?', 'Is there a particular color or style you have in mind?', 'Do you have a preferred brand or any brands you’d like to avoid?', 'What type of shoes are you looking for (e.g., running, casual, formal)?', 'Will you be using them for a specific activity or occasion (e.g., daily wear, sports, work events)?']
2026-02-06 10:51:20 | INFO     | ⚙️  Conversational: Using web search for query
2026-02-06 10:51:59 | INFO     | ⚙️  Decider: State keys: ['user_query', 'original_user_query', 'mode', 'supervisor_decision', 'intent', 'final_output', 'collected_info', 'raw_data', 'refined_query', 'generated_questions']
2026-02-06 10:51:59 | INFO     | ⚙️  Decider: Processing query: find me a tv
2026-02-06 10:52:00 | INFO     | 🎯 Decision: Query='find me a tv' → Mode=agentic
2026-02-06 10:52:00 | INFO     |    Reasoning: The user requests a TV, which is a different product type from the previously discussed football boots.
2026-02-06 10:52:00 | INFO     | ⚙️  Decider: Refined query: User wants to find a TV
2026-02-06 10:52:01 | INFO     | ⚙️  Supervisor: New product search → routing to info_collector
2026-02-06 10:52:01 | INFO     | ⚙️  Info Collector: Using existing questions (5)
