2026-02-06 10:41:34 | INFO     | ⚙️  Decider: State keys: ['user_query', 'original_user_query', 'mode', 'supervisor_decision', 'intent', 'final_output', 'collected_info']
2026-02-06 10:41:34 | INFO     | ⚙️  Decider: Processing query: hi
2026-02-06 10:41:35 | INFO     | 🎯 Decision: Query='hi' → Mode=conversation
2026-02-06 10:41:35 | INFO     |    Reasoning: The query is a short greeting with no product request, so it falls under general chit‑chat.
2026-02-06 10:41:35 | INFO     | ⚙️  Decider: Refined query: User says hi
2026-02-06 10:47:17 | INFO     | ⚙️  Decider: State keys: ['user_query', 'original_user_query', 'mode', 'supervisor_decision', 'intent', 'final_output', 'collected_info', 'refined_query']
2026-02-06 10:47:17 | INFO     | ⚙️  Decider: Processing query: how are you ?
2026-02-06 10:47:18 | INFO     | 🎯 Decision: Query='how are you ?' → Mode=conversation
2026-02-06 10:47:18 | INFO     |    Reasoning: The query is a short, vague chit‑chat question with no product context, so it should stay in conversation mode.
2026-02-06 10:47:18 | INFO     | ⚙️  Decider: Refined query: User is asking how the assistant is doing.
2026-02-06 10:47:25 | INFO     | ⚙️  Decider: State keys: ['user_query', 'original_user_query', 'mode', 'supervisor_decision', 'intent', 'final_output', 'collected_info', 'refined_query']
2026-02-06 10:47:25 | INFO     | ⚙️  Decider: Processing query: find me a tv
2026-02-06 10:47:26 | INFO     | 🎯 Decision: Query='find me a tv' → Mode=agentic
2026-02-06 10:47:26 | INFO     |    Reasoning: The user is requesting a TV without any prior context, indicating a brand‑new product search.
2026-02-06 10:47:26 | INFO     | ⚙️  Decider: Refined query: User wants to find a TV
2026-02-06 10:47:27 | INFO     | ⚙️  Supervisor: New product search → routing to info_collector
2026-02-06 10:47:27 | INFO     | ⚙️  Info Collector: Generating questions for 'tv'
2026-02-06 10:47:28 | INFO     | ⚙️  Info Collector: Generated 5 questions
2026-02-06 10:47:49 | INFO     | ⚙️  Info Collector: Generating questions for 'tv'
2026-02-06 10:47:49 | INFO     | ⚙️  Info Collector: Generated 5 questions
2026-02-06 10:47:49 | INFO     | ⚙️  Info Collector: Collected 5 answers
2026-02-06 10:47:49 | INFO     | ⚙️  Supervisor: Info collected → proceeding to query refinement
2026-02-06 10:47:49 | INFO     | ⚙️  Query Refinement: Refining: 'find me a tv'
2026-02-06 10:47:50 | INFO     | ⚙️  Query Refinement: Result: 'Sony 55 inch 4K streaming TV under 50000'
2026-02-06 10:47:50 | INFO     | ⚙️  Data Retrieval: Processing query: 'Sony 55 inch 4K streaming TV under 50000'
2026-02-06 10:47:50 | INFO     | ⚙️  Data Retrieval: Category not in allowed list → Web Search
2026-02-06 10:47:56 | INFO     | ⚙️  Data Retrieval: Retrieved 2 products from web
2026-02-06 10:47:56 | INFO     | ⚙️  Response Generator: Processing query: 'find me a tv'
2026-02-06 10:47:56 | INFO     | ⚙️  Response Generator: Filtering 2 products
2026-02-06 10:47:57 | INFO     | ⚙️  Response Generator: Found 2 matches
2026-02-06 10:47:58 | INFO     | ⚙️  Response Generator: Generated final response
2026-02-06 10:48:25 | INFO     | ⚙️  Decider: State keys: ['user_query', 'original_user_query', 'mode', 'supervisor_decision', 'intent', 'final_output', 'collected_info', 'raw_data', 'refined_query', 'generated_questions']
2026-02-06 10:48:25 | INFO     | ⚙️  Decider: Processing query: great thank you
2026-02-06 10:48:26 | INFO     | 🎯 Decision: Query='great thank you' → Mode=conversation
2026-02-06 10:48:26 | INFO     |    Reasoning: The user expressed gratitude, which is general chit‑chat and does not request a new product or details about the existing TV.
2026-02-06 10:48:26 | INFO     | ⚙️  Decider: Refined query: User acknowledges the recommendation and has no further request.
2026-02-06 10:48:27 | INFO     | ⚙️  Conversational: Product: BRAVIA 2 II 55" class 4K HDR LED Google TV (2025)
2026-02-06 10:48:27 | INFO     | ⚙️  Conversational: User preferences: ['Do you prefer a 4K or 8K resolution?', "What's your budget range for the TV?", 'What screen size are you looking for?', 'Are there any smart TV features or brands you favor?', 'What will you primarily use the TV for (e.g., streaming, gaming, sports)?']
