2026-02-05 20:02:13 | INFO     | ⚙️  Decider: State keys: ['user_query', 'original_user_query', 'mode', 'supervisor_decision', 'intent', 'final_output', 'collected_info']
2026-02-05 20:02:13 | INFO     | ⚙️  Decider: Processing query: find me shoes
2026-02-05 20:02:14 | INFO     | 🎯 Decision: Query='find me shoes' → Mode=agentic
2026-02-05 20:02:14 | INFO     |    Reasoning: The query is a brand‑new request for shoes with no prior context, so it should be routed to a new product search.
2026-02-05 20:02:14 | INFO     | ⚙️  Decider: Refined query: User wants to find shoes
2026-02-05 20:02:17 | INFO     | ⚙️  Supervisor: New product search → routing to info_collector
2026-02-05 20:02:17 | INFO     | ⚙️  Info Collector: Generating questions for 'shoes'
2026-02-05 20:02:25 | INFO     | ⚙️  Info Collector: Generated 5 questions
2026-02-05 20:02:55 | INFO     | ⚙️  Info Collector: Generating questions for 'shoes'
2026-02-05 20:02:56 | INFO     | ⚙️  Info Collector: Generated 5 questions
2026-02-05 20:02:56 | INFO     | ⚙️  Info Collector: Collected 5 answers
2026-02-05 20:02:56 | INFO     | ⚙️  Supervisor: Info collected → proceeding to query refinement
2026-02-05 20:02:56 | INFO     | ⚙️  Query Refinement: Refining: 'find me shoes'
2026-02-05 20:02:56 | INFO     | ⚙️  Query Refinement: Result: 'Nike running shoes size 7'
2026-02-05 20:02:56 | INFO     | ⚙️  Data Retrieval: Processing query: 'Nike running shoes size 7'
2026-02-05 20:02:56 | INFO     | ⚙️  Data Retrieval: Category not in allowed list → Web Search
2026-02-05 20:03:01 | INFO     | ⚙️  Data Retrieval: Retrieved 5 products from web
2026-02-05 20:03:01 | INFO     | ⚙️  Response Generator: Processing query: 'find me shoes'
2026-02-05 20:03:01 | INFO     | ⚙️  Response Generator: Filtering 5 products
2026-02-05 20:03:02 | INFO     | ⚙️  Response Generator: Found 2 matches
2026-02-05 20:03:02 | INFO     | ⚙️  Response Generator: Generated final response
2026-02-05 20:14:49 | INFO     | ⚙️  Decider: State keys: ['user_query', 'original_user_query', 'mode', 'supervisor_decision', 'intent', 'final_output', 'collected_info', 'raw_data', 'refined_query', 'generated_questions']
2026-02-05 20:14:49 | INFO     | ⚙️  Decider: Processing query: describe more about nile run swift
2026-02-05 20:14:51 | INFO     | 🎯 Decision: Query='describe more about nile run swift' → Mode=conversation
2026-02-05 20:14:51 | INFO     |    Reasoning: The user asks for more details about the Nike Run Swift 3 shoes already recommended, so it's a follow‑up about an existing product.
2026-02-05 20:14:51 | INFO     | ⚙️  Decider: Refined query: User wants more details about the Nike Run Swift 3 Men's Road Running Shoes.
2026-02-05 20:14:51 | INFO     | ⚙️  Conversational: Product: Nike Run Swift 3 Men's Road Running Shoes
2026-02-05 20:14:51 | INFO     | ⚙️  Conversational: User preferences: ['Do you have any brand preferences?', 'What shoe size do you usually wear?', 'Is there a particular color or style you prefer?', 'What specific activities or occasions will you be using the shoes for?', 'What type of shoes are you looking for (e.g., running, casual, formal)?']
2026-02-05 20:14:52 | INFO     | ⚙️  Conversational: Using web search for query
2026-02-05 20:16:11 | INFO     | ⚙️  Decider: State keys: ['user_query', 'original_user_query', 'mode', 'supervisor_decision', 'intent', 'final_output', 'collected_info', 'raw_data', 'refined_query', 'generated_questions']
2026-02-05 20:16:11 | INFO     | ⚙️  Decider: Processing query: what was my budget
2026-02-05 20:16:13 | INFO     | 🎯 Decision: Query='what was my budget' → Mode=conversation
2026-02-05 20:16:13 | INFO     |    Reasoning: The user asks about the price (budget) of the previously mentioned Nike Run Swift 3 shoes, which is an attribute of an existing product.
2026-02-05 20:16:13 | INFO     | ⚙️  Decider: Refined query: User wants to know the budget/price for the Nike Run Swift 3 men's road running shoes.
2026-02-05 20:16:14 | INFO     | ⚙️  Conversational: Product: Nike Run Swift 3 Men's Road Running Shoes
2026-02-05 20:16:14 | INFO     | ⚙️  Conversational: User preferences: ['Do you have any brand preferences?', 'What shoe size do you usually wear?', 'Is there a particular color or style you prefer?', 'What specific activities or occasions will you be using the shoes for?', 'What type of shoes are you looking for (e.g., running, casual, formal)?']
2026-02-05 20:16:33 | INFO     | ⚙️  Decider: State keys: ['user_query', 'original_user_query', 'mode', 'supervisor_decision', 'intent', 'final_output', 'collected_info', 'raw_data', 'refined_query', 'generated_questions']
2026-02-05 20:16:33 | INFO     | ⚙️  Decider: Processing query: okay
2026-02-05 20:16:34 | INFO     | 🎯 Decision: Query='okay' → Mode=conversation
2026-02-05 20:16:34 | INFO     |    Reasoning: The query is a short, vague acknowledgement, which is treated as general chit‑chat, not a request for a new product search.
2026-02-05 20:16:34 | INFO     | ⚙️  Decider: Refined query: User acknowledges and may be ready for further assistance or next steps regarding the Nike Run Swift 3 shoes
2026-02-05 20:16:35 | INFO     | ⚙️  Conversational: Product: Nike Run Swift 3 Men's Road Running Shoes
2026-02-05 20:16:35 | INFO     | ⚙️  Conversational: User preferences: ['Do you have any brand preferences?', 'What shoe size do you usually wear?', 'Is there a particular color or style you prefer?', 'What specific activities or occasions will you be using the shoes for?', 'What type of shoes are you looking for (e.g., running, casual, formal)?']
