2026-02-05 19:45:31 | INFO     | ⚙️  Decider: State keys: ['user_query', 'original_user_query', 'mode', 'supervisor_decision', 'intent', 'final_output', 'collected_info']
2026-02-05 19:45:31 | INFO     | ⚙️  Decider: Processing query: hi
2026-02-05 19:45:32 | INFO     | 🎯 Decision: Query='hi' → Mode=conversation
2026-02-05 19:45:32 | INFO     |    Reasoning: The query is a short greeting with no product request, so it falls under general chit‑chat.
2026-02-05 19:45:32 | INFO     | ⚙️  Decider: Refined query: User greets the assistant
2026-02-05 19:45:40 | INFO     | ⚙️  Decider: State keys: ['user_query', 'original_user_query', 'mode', 'supervisor_decision', 'intent', 'final_output', 'collected_info', 'refined_query']
2026-02-05 19:45:40 | INFO     | ⚙️  Decider: Processing query: how are you?
2026-02-05 19:45:41 | INFO     | 🎯 Decision: Query='how are you?' → Mode=conversation
2026-02-05 19:45:41 | INFO     |    Reasoning: The query is a short, general chit‑chat greeting, not a product request
2026-02-05 19:45:41 | INFO     | ⚙️  Decider: Refined query: User is asking how the assistant is doing
2026-02-05 19:45:50 | INFO     | ⚙️  Decider: State keys: ['user_query', 'original_user_query', 'mode', 'supervisor_decision', 'intent', 'final_output', 'collected_info', 'refined_query']
2026-02-05 19:45:50 | INFO     | ⚙️  Decider: Processing query: find a tv
2026-02-05 19:45:51 | INFO     | 🎯 Decision: Query='find a tv' → Mode=agentic
2026-02-05 19:45:51 | INFO     |    Reasoning: The user is initiating a brand‑new search for a TV with no prior product context, so it should be routed to agentic.
2026-02-05 19:45:51 | INFO     | ⚙️  Decider: Refined query: User wants to find a TV
2026-02-05 19:45:52 | INFO     | ⚙️  Supervisor: New product search → routing to info_collector
2026-02-05 19:45:52 | INFO     | ⚙️  Info Collector: Generating questions for 'tv'
2026-02-05 19:45:55 | INFO     | ⚙️  Info Collector: Generated 5 questions
2026-02-05 19:47:26 | INFO     | ⚙️  Info Collector: Generating questions for 'tv'
2026-02-05 19:47:27 | INFO     | ⚙️  Info Collector: Generated 5 questions
2026-02-05 19:47:27 | INFO     | ⚙️  Info Collector: Collected 5 answers
2026-02-05 19:47:27 | INFO     | ⚙️  Supervisor: Info collected → proceeding to query refinement
2026-02-05 19:47:27 | INFO     | ⚙️  Query Refinement: Refining: 'find a tv'
2026-02-05 19:47:27 | INFO     | ⚙️  Query Refinement: Result: 'Sony 55 inch 4K streaming TV under 50000'
