2026-02-06 12:42:58 | INFO     | ⚙️  Decider: State keys: ['user_query', 'original_user_query', 'mode', 'supervisor_decision', 'intent', 'final_output', 'collected_info', 'generated_questions']
2026-02-06 12:42:58 | INFO     | ⚙️  Decider: Processing query: hi
2026-02-06 12:42:59 | INFO     | 🎯 Decision: Query='hi' → Mode=conversation
2026-02-06 12:42:59 | INFO     |    Reasoning: The query is a short greeting with no product request, so it should be handled as conversation.
2026-02-06 12:42:59 | INFO     | ⚙️  Decider: Refined query: hi
2026-02-06 12:43:04 | INFO     | ⚙️  Decider: State keys: ['user_query', 'original_user_query', 'mode', 'supervisor_decision', 'intent', 'final_output', 'collected_info', 'refined_query', 'generated_questions']
2026-02-06 12:43:04 | INFO     | ⚙️  Decider: Processing query: who are you ?
2026-02-06 12:43:05 | INFO     | 🎯 Decision: Query='who are you ?' → Mode=conversation
2026-02-06 12:43:05 | INFO     |    Reasoning: The query is a general chit‑chat question with no product context, so it should stay in conversation mode.
2026-02-06 12:43:05 | INFO     | ⚙️  Decider: Refined query: who are you ?
2026-02-06 12:43:11 | INFO     | ⚙️  Decider: State keys: ['user_query', 'original_user_query', 'mode', 'supervisor_decision', 'intent', 'final_output', 'collected_info', 'refined_query', 'generated_questions']
2026-02-06 12:43:11 | INFO     | ⚙️  Decider: Processing query: find me shoes
2026-02-06 12:43:12 | INFO     | 🎯 Decision: Query='find me shoes' → Mode=agentic
2026-02-06 12:43:12 | INFO     |    Reasoning: The user is requesting a new product (shoes) with no prior product context, so it should be routed to agentic for a fresh search.
2026-02-06 12:43:12 | INFO     | ⚙️  Decider: Refined query: find me shoes
2026-02-06 12:43:12 | INFO     | ⚙️  Supervisor: New product search → routing to info_collector
2026-02-06 12:43:12 | INFO     | ⚙️  Info Collector: Generating questions for 'shoes'
2026-02-06 12:43:13 | INFO     | ⚙️  Info Collector: Generated 4 questions
2026-02-06 12:43:33 | INFO     | ⚙️  Info Collector: Generating questions for 'shoes'
2026-02-06 12:43:36 | INFO     | ⚙️  Info Collector: Generated 5 questions
2026-02-06 12:43:36 | INFO     | ⚙️  Info Collector: Collected 4 answers
2026-02-06 12:43:36 | INFO     | ⚙️  Supervisor: Info collected → proceeding to query refinement
2026-02-06 12:43:36 | INFO     | ⚙️  Query Refinement: Refining: 'find me shoes'
2026-02-06 12:43:36 | INFO     | ⚙️  Query Refinement: Result: 'Nike Adidas football shoes size 7'
2026-02-06 12:43:36 | INFO     | ⚙️  Data Retrieval: Processing query: 'Nike Adidas football shoes size 7'
2026-02-06 12:43:36 | INFO     | ⚙️  Data Retrieval: Category not in allowed list → Web Search
2026-02-06 12:43:40 | INFO     | ⚙️  Data Retrieval: Retrieved 3 products from web
2026-02-06 12:43:40 | INFO     | ⚙️  Response Generator: Processing query: 'find me shoes'
2026-02-06 12:43:40 | INFO     | ⚙️  Response Generator: Filtering 3 products
2026-02-06 12:43:41 | INFO     | ⚙️  Response Generator: Found 2 matches
2026-02-06 12:43:43 | INFO     | ⚙️  Response Generator: Generated final response
2026-02-06 12:43:56 | INFO     | ⚙️  Decider: State keys: ['user_query', 'original_user_query', 'mode', 'supervisor_decision', 'intent', 'final_output', 'collected_info', 'raw_data', 'refined_query', 'generated_questions']
2026-02-06 12:43:56 | INFO     | ⚙️  Decider: Processing query: great more info about it 
2026-02-06 12:43:57 | INFO     | 🎯 Decision: Query='great more info about it ' → Mode=conversation
2026-02-06 12:43:57 | INFO     |    Reasoning: The user asks for more details about the previously recommended Nike Diamond Turf 2 Football Cleats, which is a follow‑up about an existing product.
2026-02-06 12:43:57 | INFO     | ⚙️  Decider: Refined query: Provide more detailed information about the Nike Diamond Turf 2 Football Cleats.
2026-02-06 12:43:57 | INFO     | ⚙️  Conversational: Primary Context: Nike Diamond Turf 2 Football Cleats
2026-02-06 12:43:57 | INFO     | ⚙️  Conversational: History Depth: 1 items
2026-02-06 12:43:58 | INFO     | ⚙️  Conversational: Using web search for query
2026-02-06 12:44:28 | INFO     | ⚙️  Decider: State keys: ['user_query', 'original_user_query', 'mode', 'supervisor_decision', 'intent', 'final_output', 'collected_info', 'raw_data', 'refined_query', 'generated_questions']
2026-02-06 12:44:28 | INFO     | ⚙️  Decider: Processing query: great show some adidas shoes options too
2026-02-06 12:44:29 | INFO     | 🎯 Decision: Query='great show some adidas shoes options too' → Mode=conversation
2026-02-06 12:44:29 | INFO     |    Reasoning: The user requests Adidas shoe options, which is a follow‑up request for similar footwear, not a completely different product type.
2026-02-06 12:44:29 | INFO     | ⚙️  Decider: Refined query: Show me Adidas football cleats options comparable to the Nike Diamond Turf 2.
2026-02-06 12:44:29 | INFO     | ⚙️  Conversational: Primary Context: Nike Diamond Turf 2 Football Cleats
2026-02-06 12:44:29 | INFO     | ⚙️  Conversational: History Depth: 1 items
2026-02-06 12:44:35 | INFO     | ⚙️  Conversational: Using web search for query
2026-02-06 12:44:52 | INFO     | ⚙️  Decider: State keys: ['user_query', 'original_user_query', 'mode', 'supervisor_decision', 'intent', 'final_output', 'collected_info', 'raw_data', 'refined_query', 'generated_questions']
2026-02-06 12:44:52 | INFO     | ⚙️  Decider: Processing query: price of this shoes ?
2026-02-06 12:45:05 | INFO     | 🎯 Decision: Query='price of this shoes ?' → Mode=conversation
2026-02-06 12:45:05 | INFO     |    Reasoning: The user asks for the price of shoes already mentioned, which is an attribute query about an existing product.
2026-02-06 12:45:05 | INFO     | ⚙️  Decider: Refined query: What is the price of the Adidas football cleats listed earlier?
2026-02-06 12:45:05 | INFO     | ⚙️  Conversational: Primary Context: Nike Diamond Turf 2 Football Cleats
2026-02-06 12:45:05 | INFO     | ⚙️  Conversational: History Depth: 1 items
