2026-02-06 10:11:43 | INFO     | ⚙️  Decider: State keys: ['user_query', 'original_user_query', 'mode', 'supervisor_decision', 'intent', 'final_output', 'collected_info']
2026-02-06 10:11:43 | INFO     | ⚙️  Decider: Processing query: i want to buy a dress
2026-02-06 10:11:44 | INFO     | 🎯 Decision: Query='i want to buy a dress' → Mode=agentic
2026-02-06 10:11:44 | INFO     |    Reasoning: The user is requesting a new product (a dress) with no prior context, so it is a brand‑new search.
2026-02-06 10:11:44 | INFO     | ⚙️  Decider: Refined query: User wants to buy a dress
2026-02-06 10:11:45 | INFO     | ⚙️  Supervisor: New product search → routing to info_collector
2026-02-06 10:11:45 | INFO     | ⚙️  Info Collector: Generating questions for 'dress'
2026-02-06 10:11:46 | INFO     | ⚙️  Info Collector: Generated 5 questions
2026-02-06 10:12:44 | INFO     | ⚙️  Info Collector: Generating questions for 'dress'
2026-02-06 10:12:44 | INFO     | ⚙️  Info Collector: Generated 5 questions
2026-02-06 10:12:44 | INFO     | ⚙️  Info Collector: Collected 5 answers
2026-02-06 10:12:44 | INFO     | ⚙️  Supervisor: Info collected → proceeding to query refinement
2026-02-06 10:12:44 | INFO     | ⚙️  Query Refinement: Refining: 'i want to buy a dress'
2026-02-06 10:12:45 | INFO     | ⚙️  Query Refinement: Result: 'large knee-length casual dress under 2000 rupees'
2026-02-06 10:12:45 | INFO     | ⚙️  Data Retrieval: Processing query: 'large knee-length casual dress under 2000 rupees'
2026-02-06 10:12:45 | INFO     | ⚙️  Data Retrieval: Category not in allowed list → Web Search
2026-02-06 10:12:50 | INFO     | ⚙️  Data Retrieval: Retrieved 5 products from web
2026-02-06 10:12:50 | INFO     | ⚙️  Response Generator: Processing query: 'i want to buy a dress'
2026-02-06 10:12:50 | INFO     | ⚙️  Response Generator: Filtering 5 products
2026-02-06 10:12:51 | INFO     | ⚙️  Response Generator: Found 1 matches
2026-02-06 10:12:52 | INFO     | ⚙️  Response Generator: Generated final response
2026-02-06 10:13:09 | INFO     | ⚙️  Decider: State keys: ['user_query', 'original_user_query', 'mode', 'supervisor_decision', 'intent', 'final_output', 'collected_info', 'raw_data', 'refined_query', 'generated_questions']
2026-02-06 10:13:09 | INFO     | ⚙️  Decider: Processing query: give me more details about it
2026-02-06 10:13:10 | INFO     | 🎯 Decision: Query='give me more details about it' → Mode=conversation
2026-02-06 10:13:10 | INFO     |    Reasoning: The user asks for more details about the previously recommended dress, which is a follow‑up about an existing product.
2026-02-06 10:13:10 | INFO     | ⚙️  Decider: Refined query: User wants more details about the Black Knee‑Length Sheath Dress, including material, care instructions, availability, shipping, and any other specifications.
2026-02-06 10:13:10 | INFO     | ⚙️  Conversational: Product: Black Knee Length Sheath Dress
2026-02-06 10:13:10 | INFO     | ⚙️  Conversational: User preferences: ['What is your budget range for the dress?', 'What occasion or event are you looking to wear the dress for?', 'Are there any specific colors or patterns you’d like to see?', 'Do you have a preferred dress length (e.g., mini, knee‑length, midi, maxi)?', 'What is your usual dress size or measurements, and do you have any fabric preferences?']
2026-02-06 10:13:11 | INFO     | ⚙️  Conversational: Using web search for query
2026-02-06 10:13:48 | INFO     | ⚙️  Decider: State keys: ['user_query', 'original_user_query', 'mode', 'supervisor_decision', 'intent', 'final_output', 'collected_info', 'raw_data', 'refined_query', 'generated_questions']
2026-02-06 10:13:48 | INFO     | ⚙️  Decider: Processing query: provide me links of these dresses
2026-02-06 10:13:49 | INFO     | 🎯 Decision: Query='provide me links of these dresses' → Mode=conversation
2026-02-06 10:13:49 | INFO     |    Reasoning: The user asks for links to the dresses already listed, which is a follow‑up about existing products.
2026-02-06 10:13:49 | INFO     | ⚙️  Decider: Refined query: User wants URLs for the dresses mentioned in the previous list
2026-02-06 10:13:50 | INFO     | ⚙️  Conversational: Product: Black Knee Length Sheath Dress
2026-02-06 10:13:50 | INFO     | ⚙️  Conversational: User preferences: ['What is your budget range for the dress?', 'What occasion or event are you looking to wear the dress for?', 'Are there any specific colors or patterns you’d like to see?', 'Do you have a preferred dress length (e.g., mini, knee‑length, midi, maxi)?', 'What is your usual dress size or measurements, and do you have any fabric preferences?']
2026-02-06 10:13:50 | INFO     | ⚙️  Conversational: Using web search for query
2026-02-06 10:14:51 | INFO     | ⚙️  Decider: State keys: ['user_query', 'original_user_query', 'mode', 'supervisor_decision', 'intent', 'final_output', 'collected_info', 'raw_data', 'refined_query', 'generated_questions']
2026-02-06 10:14:51 | INFO     | ⚙️  Decider: Processing query: provide link of this banana company
2026-02-06 10:14:52 | INFO     | 🎯 Decision: Query='provide link of this banana company' → Mode=conversation
2026-02-06 10:14:52 | INFO     |    Reasoning: User asks for a link to the Banana Republic Factory, which is directly related to the previously discussed dress retailer.
2026-02-06 10:14:52 | INFO     | ⚙️  Decider: Refined query: Provide the URL for Banana Republic Factory's website.
2026-02-06 10:14:52 | INFO     | ⚙️  Conversational: Product: Black Knee Length Sheath Dress
2026-02-06 10:14:52 | INFO     | ⚙️  Conversational: User preferences: ['What is your budget range for the dress?', 'What occasion or event are you looking to wear the dress for?', 'Are there any specific colors or patterns you’d like to see?', 'Do you have a preferred dress length (e.g., mini, knee‑length, midi, maxi)?', 'What is your usual dress size or measurements, and do you have any fabric preferences?']
2026-02-06 10:14:53 | INFO     | ⚙️  Conversational: Using web search for query
