2026-02-06 12:16:20 | INFO     | ⚙️  Decider: State keys: ['user_query', 'original_user_query', 'mode', 'supervisor_decision', 'intent', 'final_output', 'collected_info', 'generated_questions']
2026-02-06 12:16:20 | INFO     | ⚙️  Decider: Processing query: hi
2026-02-06 12:16:23 | INFO     | 🎯 Decision: Query='hi' → Mode=conversation
2026-02-06 12:16:23 | INFO     |    Reasoning: The query is a short greeting with no product request, so it should be handled as conversation.
2026-02-06 12:16:23 | INFO     | ⚙️  Decider: Refined query: hi
2026-02-06 12:16:31 | INFO     | ⚙️  Decider: State keys: ['user_query', 'original_user_query', 'mode', 'supervisor_decision', 'intent', 'final_output', 'collected_info', 'refined_query', 'generated_questions']
2026-02-06 12:16:31 | INFO     | ⚙️  Decider: Processing query: find me bottle
2026-02-06 12:16:32 | INFO     | 🎯 Decision: Query='find me bottle' → Mode=agentic
2026-02-06 12:16:32 | INFO     |    Reasoning: The user is requesting a new product (bottle) with no prior context, so it should be routed to agentic for a fresh search.
2026-02-06 12:16:32 | INFO     | ⚙️  Decider: Refined query: find me a bottle
2026-02-06 12:16:33 | INFO     | ⚙️  Supervisor: New product search → routing to info_collector
2026-02-06 12:16:33 | INFO     | ⚙️  Info Collector: Generating questions for 'bottle'
2026-02-06 12:16:34 | INFO     | ⚙️  Info Collector: Generated 4 questions
2026-02-06 12:17:03 | INFO     | ⚙️  Info Collector: Generating questions for 'bottle'
2026-02-06 12:17:05 | INFO     | ⚙️  Info Collector: Generated 4 questions
2026-02-06 12:17:05 | INFO     | ⚙️  Info Collector: Collected 4 answers
2026-02-06 12:17:05 | INFO     | ⚙️  Supervisor: Info collected → proceeding to query refinement
2026-02-06 12:17:05 | INFO     | ⚙️  Query Refinement: Refining: 'find me bottle'
2026-02-06 12:17:05 | INFO     | ⚙️  Query Refinement: Result: '1 litre stainless steel thermos bottle'
2026-02-06 12:17:05 | INFO     | ⚙️  Data Retrieval: Processing query: '1 litre stainless steel thermos bottle'
2026-02-06 12:17:05 | INFO     | ⚙️  Data Retrieval: Category not in allowed list → Web Search
2026-02-06 12:17:11 | INFO     | ⚙️  Data Retrieval: Retrieved 3 products from web
2026-02-06 12:17:11 | INFO     | ⚙️  Response Generator: Processing query: 'find me bottle'
2026-02-06 12:17:11 | INFO     | ⚙️  Response Generator: Filtering 3 products
2026-02-06 12:17:12 | INFO     | ⚙️  Response Generator: Found 1 matches
2026-02-06 12:17:13 | INFO     | ⚙️  Response Generator: Generated final response
2026-02-06 12:17:58 | INFO     | ⚙️  Decider: State keys: ['user_query', 'original_user_query', 'mode', 'supervisor_decision', 'intent', 'final_output', 'collected_info', 'raw_data', 'refined_query', 'generated_questions']
2026-02-06 12:17:58 | INFO     | ⚙️  Decider: Processing query: find me an oven
2026-02-06 12:17:59 | INFO     | 🎯 Decision: Query='find me an oven' → Mode=agentic
2026-02-06 12:17:59 | INFO     |    Reasoning: User requests a different product type (oven) than the previously discussed bottle, indicating a new product search.
2026-02-06 12:17:59 | INFO     | ⚙️  Decider: Refined query: find me an oven
2026-02-06 12:18:00 | INFO     | ⚙️  Supervisor: New product search → routing to info_collector
2026-02-06 12:18:00 | INFO     | ⚙️  Info Collector: Generating questions for 'oven'
2026-02-06 12:18:02 | INFO     | ⚙️  Info Collector: Generated 5 questions
2026-02-06 12:19:58 | INFO     | ⚙️  Info Collector: Generating questions for 'oven'
2026-02-06 12:19:59 | INFO     | ⚙️  Info Collector: Generated 4 questions
2026-02-06 12:19:59 | INFO     | ⚙️  Info Collector: Collected 5 answers
2026-02-06 12:19:59 | INFO     | ⚙️  Supervisor: Info collected → proceeding to query refinement
2026-02-06 12:19:59 | INFO     | ⚙️  Query Refinement: Refining: 'find me an oven'
2026-02-06 12:20:00 | INFO     | ⚙️  Query Refinement: Result: 'baking oven under 20000 rupees'
2026-02-06 12:20:00 | INFO     | ⚙️  Data Retrieval: Processing query: 'baking oven under 20000 rupees'
2026-02-06 12:20:00 | INFO     | ⚙️  Data Retrieval: Category not in allowed list → Web Search
2026-02-06 12:20:05 | INFO     | ⚙️  Data Retrieval: Retrieved 3 products from web
2026-02-06 12:20:05 | INFO     | ⚙️  Response Generator: Processing query: 'find me an oven'
2026-02-06 12:20:05 | INFO     | ⚙️  Response Generator: Filtering 3 products
2026-02-06 12:20:07 | INFO     | ⚙️  Response Generator: Found 1 matches
2026-02-06 12:20:08 | INFO     | ⚙️  Response Generator: Generated final response
2026-02-06 12:20:27 | INFO     | ⚙️  Decider: State keys: ['user_query', 'original_user_query', 'mode', 'supervisor_decision', 'intent', 'final_output', 'collected_info', 'raw_data', 'refined_query', 'generated_questions']
2026-02-06 12:20:27 | INFO     | ⚙️  Decider: Processing query: what was last product recommended ?
2026-02-06 12:20:28 | INFO     | 🎯 Decision: Query='what was last product recommended ?' → Mode=conversation
2026-02-06 12:20:28 | INFO     |    Reasoning: User asks about the previously recommended product, which is an existing product query.
2026-02-06 12:20:28 | INFO     | ⚙️  Decider: Refined query: What was the last product recommended?
2026-02-06 12:20:28 | INFO     | ⚙️  Conversational: Primary Context: The Rock Stainless Steel Beverage Bottle 1 L
2026-02-06 12:20:28 | INFO     | ⚙️  Conversational: History Depth: 2 items
2026-02-06 12:20:37 | INFO     | ⚙️  Decider: State keys: ['user_query', 'original_user_query', 'mode', 'supervisor_decision', 'intent', 'final_output', 'collected_info', 'raw_data', 'refined_query', 'generated_questions']
2026-02-06 12:20:37 | INFO     | ⚙️  Decider: Processing query: before that /
2026-02-06 12:20:38 | INFO     | 🎯 Decision: Query='before that /' → Mode=conversation
2026-02-06 12:20:38 | INFO     |    Reasoning: The user asks for the product recommended prior to the last one, which is a follow‑up about existing products.
2026-02-06 12:20:38 | INFO     | ⚙️  Decider: Refined query: What product was recommended before the Rock Stainless Steel Beverage Bottle 1 L?
2026-02-06 12:20:38 | INFO     | ⚙️  Conversational: Primary Context: The Rock Stainless Steel Beverage Bottle 1 L
2026-02-06 12:20:38 | INFO     | ⚙️  Conversational: History Depth: 2 items
2026-02-06 12:20:45 | INFO     | ⚙️  Decider: State keys: ['user_query', 'original_user_query', 'mode', 'supervisor_decision', 'intent', 'final_output', 'collected_info', 'raw_data', 'refined_query', 'generated_questions']
2026-02-06 12:20:45 | INFO     | ⚙️  Decider: Processing query: great thank you
2026-02-06 12:20:46 | INFO     | 🎯 Decision: Query='great thank you' → Mode=conversation
2026-02-06 12:20:46 | INFO     |    Reasoning: User expressed gratitude with a short, non‑product‑related comment, so it is a follow‑up conversation, not a new product search.
2026-02-06 12:20:46 | INFO     | ⚙️  Decider: Refined query: great thank you
2026-02-06 12:20:46 | INFO     | ⚙️  Conversational: Primary Context: The Rock Stainless Steel Beverage Bottle 1 L
2026-02-06 12:20:46 | INFO     | ⚙️  Conversational: History Depth: 2 items
